// Vitest Snapshot v1, https://vitest.dev/guide/snapshot.html

exports[`스냅샷 (integrity) > 지역 코드가 의도치 않게 바뀌지 않았다 1`] = `
[
  {
    "course": "sido",
    "regions": [
      "11 서울",
      "28 인천",
      "41 경기",
      "51 강원",
      "43 충북",
      "44 충남",
      "30 대전",
      "36 세종",
      "52 전북",
      "46 전남",
      "29 광주",
      "47 경북",
      "27 대구",
      "48 경남",
      "31 울산",
      "26 부산",
      "50 제주",
    ],
  },
  {
    "course": "seoul",
    "regions": [
      "11380 은평",
      "11410 서대문",
      "11440 마포",
      "11170 용산",
      "11140 중구",
      "11110 종로",
      "11290 성북",
      "11305 강북",
      "11320 도봉",
      "11350 노원",
      "11260 중랑",
      "11230 동대문",
      "11200 성동",
      "11215 광진",
      "11740 강동",
      "11710 송파",
      "11680 강남",
      "11650 서초",
      "11590 동작",
      "11620 관악",
      "11545 금천",
      "11530 구로",
      "11560 영등포",
      "11470 양천",
      "11500 강서",
    ],
  },
  {
    "course": "incheon",
    "regions": [
      "28710 강화",
      "28260 서구",
      "28245 계양",
      "28237 부평",
      "28140 동구",
      "28110 중구",
      "28177 미추홀",
      "28200 남동",
      "28185 연수",
      "28720 옹진",
    ],
  },
  {
    "course": "gyeonggi",
    "regions": [
      "41800 연천",
      "41250 동두천",
      "41650 포천",
      "41820 가평",
      "41480 파주",
      "41630 양주",
      "41150 의정부",
      "41360 남양주",
      "41310 구리",
      "41280 고양",
      "41570 김포",
      "41190 부천",
      "41210 광명",
      "41390 시흥",
      "41270 안산",
      "41170 안양",
      "41410 군포",
      "41430 의왕",
      "41290 과천",
      "41130 성남",
      "41450 하남",
      "41610 광주",
      "41830 양평",
      "41670 여주",
      "41500 이천",
      "41460 용인",
      "41110 수원",
      "41590 화성",
      "41370 오산",
      "41220 평택",
      "41550 안성",
    ],
  },
  {
    "course": "gangwon",
    "regions": [
      "51780 철원",
      "51790 화천",
      "51800 양구",
      "51810 인제",
      "51820 고성",
      "51210 속초",
      "51830 양양",
      "51150 강릉",
      "51170 동해",
      "51230 삼척",
      "51190 태백",
      "51770 정선",
      "51760 평창",
      "51750 영월",
      "51730 횡성",
      "51130 원주",
      "51720 홍천",
      "51110 춘천",
    ],
  },
  {
    "course": "daejeon",
    "regions": [
      "30230 대덕",
      "30200 유성",
      "30170 서구",
      "30140 중구",
      "30110 동구",
    ],
  },
  {
    "course": "gwangju",
    "regions": [
      "29200 광산",
      "29170 북구",
      "29110 동구",
      "29155 남구",
      "29140 서구",
    ],
  },
  {
    "course": "daegu",
    "regions": [
      "27720 군위",
      "27230 북구",
      "27140 동구",
      "27260 수성",
      "27200 남구",
      "27110 중구",
      "27170 서구",
      "27290 달서",
      "27710 달성",
    ],
  },
  {
    "course": "ulsan",
    "regions": [
      "31710 울주",
      "31200 북구",
      "31170 동구",
      "31110 중구",
      "31140 남구",
    ],
  },
  {
    "course": "busan",
    "regions": [
      "26440 강서",
      "26380 사하",
      "26140 서구",
      "26110 중구",
      "26200 영도",
      "26170 동구",
      "26290 남구",
      "26230 부산진",
      "26530 사상",
      "26320 북구",
      "26260 동래",
      "26470 연제",
      "26500 수영",
      "26350 해운대",
      "26410 금정",
      "26710 기장",
    ],
  },
  {
    "course": "chungbuk",
    "regions": [
      "43800 단양",
      "43150 제천",
      "43130 충주",
      "43770 음성",
      "43750 진천",
      "43745 증평",
      "43760 괴산",
      "43110 청주",
      "43720 보은",
      "43730 옥천",
      "43740 영동",
    ],
  },
  {
    "course": "chungnam",
    "regions": [
      "44270 당진",
      "44210 서산",
      "44825 태안",
      "44800 홍성",
      "44810 예산",
      "44200 아산",
      "44130 천안",
      "44150 공주",
      "44250 계룡",
      "44230 논산",
      "44710 금산",
      "44760 부여",
      "44790 청양",
      "44180 보령",
      "44770 서천",
    ],
  },
  {
    "course": "jeonbuk",
    "regions": [
      "52130 군산",
      "52140 익산",
      "52710 완주",
      "52110 전주",
      "52210 김제",
      "52800 부안",
      "52790 고창",
      "52180 정읍",
      "52770 순창",
      "52190 남원",
      "52750 임실",
      "52720 진안",
      "52730 무주",
      "52740 장수",
    ],
  },
  {
    "course": "jeonnam",
    "regions": [
      "46870 영광",
      "46860 함평",
      "46840 무안",
      "46910 신안",
      "46110 목포",
      "46830 영암",
      "46170 나주",
      "46710 담양",
      "46880 장성",
      "46720 곡성",
      "46730 구례",
      "46150 순천",
      "46230 광양",
      "46130 여수",
      "46770 고흥",
      "46780 보성",
      "46790 화순",
      "46800 장흥",
      "46810 강진",
      "46820 해남",
      "46900 진도",
      "46890 완도",
    ],
  },
  {
    "course": "gyeongbuk",
    "regions": [
      "47930 울진",
      "47920 봉화",
      "47210 영주",
      "47900 예천",
      "47280 문경",
      "47250 상주",
      "47150 김천",
      "47190 구미",
      "47850 칠곡",
      "47840 성주",
      "47830 고령",
      "47820 청도",
      "47290 경산",
      "47230 영천",
      "47130 경주",
      "47110 포항",
      "47940 울릉",
      "47770 영덕",
      "47750 청송",
      "47760 영양",
      "47170 안동",
      "47730 의성",
    ],
  },
  {
    "course": "gyeongnam",
    "regions": [
      "48880 거창",
      "48870 함양",
      "48860 산청",
      "48890 합천",
      "48740 창녕",
      "48270 밀양",
      "48330 양산",
      "48250 김해",
      "48120 창원",
      "48730 함안",
      "48720 의령",
      "48170 진주",
      "48240 사천",
      "48820 고성",
      "48220 통영",
      "48310 거제",
      "48840 남해",
      "48850 하동",
    ],
  },
  {
    "course": "jeju",
    "regions": [
      "50110 제주",
      "50130 서귀포",
    ],
  },
]
`;
