// Vitest Snapshot v1, https://vitest.dev/guide/snapshot.html

exports[`코스 판번호 > 내용이 바뀌면 판번호도 바뀌어야 한다 1`] = `
{
  "busan-buk@v1": "1f6899863268",
  "busan-busanjin@v1": "f11e361b5082",
  "busan-dong@v1": "0a7ecc48cb73",
  "busan-dongnae@v1": "60c6d8738891",
  "busan-gangseo@v1": "a3555e71d36f",
  "busan-geumjeong@v1": "15b714d83077",
  "busan-gijang@v1": "6017fc5151e4",
  "busan-haeundae@v1": "9d28190cc3f0",
  "busan-jung@v1": "2d666639d77b",
  "busan-nam@v1": "b5cddcd2e0a1",
  "busan-saha@v1": "e1a2e18eb0f9",
  "busan-sasang@v1": "dc25978e1e29",
  "busan-seo@v1": "a3900ac2fe9c",
  "busan-suyeong@v1": "be3c62eed379",
  "busan-yeongdo@v1": "4db33dee6ad5",
  "busan-yeonje@v1": "0d346382dd0d",
  "busan@v2": "c2d5a480c08b",
  "chungbuk-boeun@v1": "43e38ce093b2",
  "chungbuk-cheongju-cheongwon@v1": "dde56019a5c5",
  "chungbuk-cheongju-heungdeok@v1": "bb9a59411cda",
  "chungbuk-cheongju-sangdang@v1": "c7ae73039376",
  "chungbuk-cheongju-seowon@v1": "9c32409024d0",
  "chungbuk-chungju@v1": "708565f67347",
  "chungbuk-danyang@v1": "e29a49b89922",
  "chungbuk-eumseong@v1": "9999b3a0a267",
  "chungbuk-goesan@v1": "3301baaecd13",
  "chungbuk-jecheon@v1": "985e1d483a9b",
  "chungbuk-jeungpyeong@v1": "07aaecfd5f72",
  "chungbuk-jincheon@v1": "7f52ccd03111",
  "chungbuk-okcheon@v1": "b56810acf8a4",
  "chungbuk-yeongdong@v1": "c4ce034e5bb5",
  "chungbuk@v2": "a7f72dcb8fda",
  "chungnam-asan@v1": "d4a69873ca4c",
  "chungnam-boryeong@v1": "be7df5453abe",
  "chungnam-buyeo@v1": "b4b29dbd6d6f",
  "chungnam-cheonan-dongnam@v1": "1df96446a6d5",
  "chungnam-cheonan-seobuk@v1": "1ce59fd007e2",
  "chungnam-cheongyang@v1": "8feec4b55075",
  "chungnam-dangjin@v1": "aa0f2ce1c21c",
  "chungnam-geumsan@v1": "42cb46986c3d",
  "chungnam-gongju@v1": "f73af417b737",
  "chungnam-gyeryong@v1": "a9854d189794",
  "chungnam-hongseong@v1": "0244d31e14d5",
  "chungnam-nonsan@v1": "f2c9b231a718",
  "chungnam-seocheon@v1": "5724e0fefb75",
  "chungnam-seosan@v1": "af3bc6607f1f",
  "chungnam-taean@v1": "61499cf41696",
  "chungnam-yesan@v1": "e0c7af930b69",
  "chungnam@v2": "c423bc41d431",
  "daegu-buk@v1": "18e16be35054",
  "daegu-dalseo@v1": "e3f3d1222087",
  "daegu-dalseong@v1": "90ff7257ac6a",
  "daegu-dong@v1": "ef2613587f32",
  "daegu-gunwi@v1": "00483b07c67f",
  "daegu-jung@v1": "1f3aa75f0fb3",
  "daegu-nam@v1": "0262e445e608",
  "daegu-seo@v1": "573267d61bd8",
  "daegu-suseong@v1": "19afedda7aaf",
  "daegu@v2": "54a420759b43",
  "daejeon-daedeok@v1": "8909bfe70a15",
  "daejeon-dong@v1": "5fb3865f588f",
  "daejeon-jung@v1": "cb38f0c5ceff",
  "daejeon-seo@v1": "8e2294c4e9d4",
  "daejeon-yuseong@v1": "9d8fb06a2726",
  "daejeon@v2": "7653e35d5744",
  "gangwon-cheorwon@v1": "5c379a2efebd",
  "gangwon-chuncheon@v1": "051b49d457c6",
  "gangwon-donghae@v1": "6582c69e639b",
  "gangwon-gangneung@v1": "af94631efab8",
  "gangwon-goseong@v1": "ce007d5f36fa",
  "gangwon-hoengseong@v1": "c184916c3b2f",
  "gangwon-hongcheon@v1": "33408a5ba3aa",
  "gangwon-hwacheon@v1": "089e09060ce2",
  "gangwon-inje@v1": "9db055ea4cd6",
  "gangwon-jeongseon@v1": "06a937f886fd",
  "gangwon-pyeongchang@v1": "f861759ab5f9",
  "gangwon-samcheok@v1": "81f995daf6f3",
  "gangwon-sokcho@v1": "179c512e444b",
  "gangwon-taebaek@v1": "1033b0b38d71",
  "gangwon-wonju@v1": "a128b29a99e1",
  "gangwon-yanggu@v1": "c6dfa03eb2d6",
  "gangwon-yangyang@v1": "b5a6cb5a9cd8",
  "gangwon-yeongwol@v1": "8f60f00e556e",
  "gangwon@v2": "2944aa23bc5f",
  "gwangju-buk@v1": "be4b0442db3e",
  "gwangju-dong@v1": "eb46c543b85e",
  "gwangju-gwangsan@v1": "436c33ed7a54",
  "gwangju-nam@v1": "95aff772796c",
  "gwangju-seo@v1": "8e835f824d09",
  "gwangju@v2": "206325963489",
  "gyeongbuk-andong@v1": "5dc6b789e5d8",
  "gyeongbuk-bonghwa@v1": "479ebc56e6dc",
  "gyeongbuk-cheongdo@v1": "153d7dbfe39b",
  "gyeongbuk-cheongsong@v1": "abcd9efdb128",
  "gyeongbuk-chilgok@v1": "60418135ff18",
  "gyeongbuk-gimcheon@v1": "a9b3928787bf",
  "gyeongbuk-goryeong@v1": "5be1008236a2",
  "gyeongbuk-gumi@v1": "7e6228008bc5",
  "gyeongbuk-gyeongju@v1": "c41d8840777e",
  "gyeongbuk-gyeongsan@v1": "4cd8eba629db",
  "gyeongbuk-mungyeong@v1": "4290b02a4a2d",
  "gyeongbuk-pohang-buk@v1": "9c7ea291d154",
  "gyeongbuk-pohang-nam@v1": "726e66735e77",
  "gyeongbuk-sangju@v1": "a97d4626fe2e",
  "gyeongbuk-seongju@v1": "c79d82d93120",
  "gyeongbuk-uiseong@v1": "5080fec5ac81",
  "gyeongbuk-uljin@v1": "02976611c515",
  "gyeongbuk-ulleung@v1": "9930b84a941c",
  "gyeongbuk-yecheon@v1": "55680a502b42",
  "gyeongbuk-yeongcheon@v1": "aecd0f131123",
  "gyeongbuk-yeongdeok@v1": "f4db6853c033",
  "gyeongbuk-yeongju@v1": "22a070b3f73b",
  "gyeongbuk-yeongyang@v1": "aecca944bb83",
  "gyeongbuk@v2": "23980a0473fd",
  "gyeonggi-ansan-danwon@v1": "e10539b2f0ea",
  "gyeonggi-ansan-sangnok@v1": "6d2135f3f272",
  "gyeonggi-anseong@v1": "ae41cb04bf67",
  "gyeonggi-anyang-dongan@v1": "2163fa3a744a",
  "gyeonggi-anyang-manan@v1": "5903a0fe0cff",
  "gyeonggi-bucheon-ojeong@v1": "fc1166be894b",
  "gyeonggi-bucheon-sosa@v1": "405b64aeaa4e",
  "gyeonggi-bucheon-wonmi@v1": "17de74ca3cc7",
  "gyeonggi-dongducheon@v1": "f3faa32d918e",
  "gyeonggi-gapyeong@v1": "7be51d77902e",
  "gyeonggi-gimpo@v1": "b1b462741273",
  "gyeonggi-goyang-deogyang@v1": "c3c67deb4203",
  "gyeonggi-goyang-ilsandong@v1": "cfe408e2be36",
  "gyeonggi-goyang-ilsanseo@v1": "79cf313d74c9",
  "gyeonggi-gunpo@v1": "2a02b3c3f0e1",
  "gyeonggi-guri@v1": "9457757c2ea8",
  "gyeonggi-gwacheon@v1": "796ed29cf691",
  "gyeonggi-gwangju@v1": "a0906319f2af",
  "gyeonggi-gwangmyeong@v1": "d382596859f4",
  "gyeonggi-hanam@v1": "4ee48dbf219c",
  "gyeonggi-hwaseong@v1": "cfde4d4b3a6e",
  "gyeonggi-icheon@v1": "3a3505c471cf",
  "gyeonggi-namyangju@v1": "81c7d43ed64f",
  "gyeonggi-osan@v1": "2c91f7882025",
  "gyeonggi-paju@v1": "e857059d4a3f",
  "gyeonggi-pocheon@v1": "b86e110fbb78",
  "gyeonggi-pyeongtaek@v1": "7af660b75473",
  "gyeonggi-seongnam-bundang@v1": "b0877d004b32",
  "gyeonggi-seongnam-jungwon@v1": "633d4100ffd4",
  "gyeonggi-seongnam-sujeong@v1": "f0566ed66468",
  "gyeonggi-siheung@v1": "f7afb45e1169",
  "gyeonggi-suwon-gwonseon@v1": "daa2643d9a28",
  "gyeonggi-suwon-jangan@v1": "d6641376cbfd",
  "gyeonggi-suwon-paldal@v1": "3193a618be92",
  "gyeonggi-suwon-yeongtong@v1": "f39d76a1c998",
  "gyeonggi-uijeongbu@v1": "973809758313",
  "gyeonggi-uiwang@v1": "cf32ca6636c6",
  "gyeonggi-yangju@v1": "099e2b7fcbec",
  "gyeonggi-yangpyeong@v1": "e88c6a0244bd",
  "gyeonggi-yeoju@v1": "82076410b349",
  "gyeonggi-yeoncheon@v1": "f84d954f8756",
  "gyeonggi-yongin-cheoin@v1": "7ffa114115c3",
  "gyeonggi-yongin-giheung@v1": "b09bd4d6f5b1",
  "gyeonggi-yongin-suji@v1": "32dfcffdae4d",
  "gyeonggi@v2": "9ddc3c7dc7a4",
  "gyeongnam-changnyeong@v1": "3a151bc0a52d",
  "gyeongnam-changwon-jinhae@v1": "f22aa22aaec0",
  "gyeongnam-changwon-masanhappo@v1": "c388f8168edd",
  "gyeongnam-changwon-masanhoewon@v1": "9faf359840a8",
  "gyeongnam-changwon-seongsan@v1": "73710977bb95",
  "gyeongnam-changwon-uichang@v1": "ccbd34407f8e",
  "gyeongnam-geochang@v1": "f90cbd347f1b",
  "gyeongnam-geoje@v1": "22760805fc12",
  "gyeongnam-gimhae@v1": "329b7f3360a2",
  "gyeongnam-goseong@v1": "2b22ea24b6d2",
  "gyeongnam-hadong@v1": "2ca0b48363b5",
  "gyeongnam-haman@v1": "ab1161f46389",
  "gyeongnam-hamyang@v1": "784340bc556c",
  "gyeongnam-hapcheon@v1": "d1c5a7d1d9f7",
  "gyeongnam-jinju@v1": "4935341a8ac3",
  "gyeongnam-miryang@v1": "1085d8618ee1",
  "gyeongnam-namhae@v1": "b3da6aaeea8f",
  "gyeongnam-sacheon@v1": "3184599776a5",
  "gyeongnam-sancheong@v1": "e5a56c42382b",
  "gyeongnam-tongyeong@v1": "718532c10580",
  "gyeongnam-uiryeong@v1": "2fea9e59cadf",
  "gyeongnam-yangsan@v1": "99deca64f9dc",
  "gyeongnam@v2": "6662be77cb4e",
  "incheon-bupyeong@v1": "2e17937a68c8",
  "incheon-dong@v1": "5b7014a30b91",
  "incheon-ganghwa@v1": "bb947a264a1e",
  "incheon-gyeyang@v1": "1535082ff707",
  "incheon-jung@v1": "65d4cc90dc46",
  "incheon-nam@v1": "49151f1f8c4b",
  "incheon-namdong@v1": "eb19230ce684",
  "incheon-ongjin@v1": "a4c48074f53a",
  "incheon-seo@v1": "39e313c814a0",
  "incheon-yeonsu@v1": "d69ffc906e1d",
  "incheon@v2": "9a926f0543c0",
  "jeju-jeju@v1": "0cee89eace81",
  "jeju-seogwipo@v1": "5a7e01815f69",
  "jeju@v2": "4705628de089",
  "jeonbuk-buan@v1": "f95db317d24a",
  "jeonbuk-gimje@v1": "ba897c395074",
  "jeonbuk-gochang@v1": "89026391cd6d",
  "jeonbuk-gunsan@v1": "e91534d8399e",
  "jeonbuk-iksan@v1": "4d8cc541c56c",
  "jeonbuk-imsil@v1": "ed12824fd1bb",
  "jeonbuk-jangsu@v1": "8d007693ac8f",
  "jeonbuk-jeongeup@v1": "9c611398edd3",
  "jeonbuk-jeonju-deokjin@v1": "6cdf67b8dcec",
  "jeonbuk-jeonju-wansan@v1": "3be0c6e8f690",
  "jeonbuk-jinan@v1": "0a7c7f56b7f8",
  "jeonbuk-muju@v1": "8d8b309c8669",
  "jeonbuk-namwon@v1": "99fd7805b4e8",
  "jeonbuk-sunchang@v1": "5817e2ca2279",
  "jeonbuk-wanju@v1": "738067e03a0c",
  "jeonbuk@v2": "04c278445e94",
  "jeonnam-boseong@v1": "70331e32d882",
  "jeonnam-damyang@v1": "d8822969e936",
  "jeonnam-gangjin@v1": "9bcfacfe101c",
  "jeonnam-goheung@v1": "2ab7a1bf5adf",
  "jeonnam-gokseong@v1": "dad7984be4d5",
  "jeonnam-gurye@v1": "386c997e5284",
  "jeonnam-gwangyang@v1": "aea767062819",
  "jeonnam-haenam@v1": "f259de2dd3d0",
  "jeonnam-hampyeong@v1": "883e08f89553",
  "jeonnam-hwasun@v1": "4c34aa9f3fde",
  "jeonnam-jangheung@v1": "a0b02558ff5d",
  "jeonnam-jangseong@v1": "bcbd30ef5d57",
  "jeonnam-jindo@v1": "e6b0b9eaba8b",
  "jeonnam-mokpo@v1": "18b552711425",
  "jeonnam-muan@v1": "66f90d3670f0",
  "jeonnam-naju@v1": "2d216049c3e1",
  "jeonnam-sinan@v1": "d7b5ba4e9029",
  "jeonnam-suncheon@v1": "9bb073c2b408",
  "jeonnam-wando@v1": "a357b830a922",
  "jeonnam-yeongam@v1": "c57450eefb67",
  "jeonnam-yeonggwang@v1": "503a6b281bd9",
  "jeonnam-yeosu@v1": "981c7270bc1d",
  "jeonnam@v2": "7794d716c802",
  "nationwide@v2": "3155f0b552e1",
  "sejong@v1": "002343feed21",
  "seoul-dobong@v1": "61ee38f448c5",
  "seoul-dongdaemun@v1": "77cdcb549521",
  "seoul-dongjak@v1": "4f6b3d312b2b",
  "seoul-eunpyeong@v1": "9249c36cef83",
  "seoul-gangbuk@v1": "88e295b12bab",
  "seoul-gangdong@v1": "c0104fc94efd",
  "seoul-gangnam@v1": "afcf0029276e",
  "seoul-gangseo@v1": "3b49f9bb710b",
  "seoul-geumcheon@v1": "e4267dccde8d",
  "seoul-guro@v1": "ddf0d750853a",
  "seoul-gwanak@v1": "d1d95cae6e60",
  "seoul-gwangjin@v1": "096e41a23750",
  "seoul-jongno@v1": "685cf357402d",
  "seoul-jung@v1": "7b97a04ac447",
  "seoul-jungnang@v1": "47ed5b8756c3",
  "seoul-mapo@v1": "6fe540a8e11c",
  "seoul-nowon@v1": "ea31530b4803",
  "seoul-seocho@v1": "935519a99517",
  "seoul-seodaemun@v1": "f9fdff0cedb4",
  "seoul-seongbuk@v1": "508b97075383",
  "seoul-seongdong@v1": "2b08c922027d",
  "seoul-songpa@v1": "184a7c800f59",
  "seoul-yangcheon@v1": "312b351b60f8",
  "seoul-yeongdeungpo@v1": "0a7bd1bc02bb",
  "seoul-yongsan@v1": "92e7f812bcbd",
  "seoul@v2": "bcae8fa419ba",
  "sido@v1": "192d4733ebca",
  "ulsan-buk@v1": "3dd9d477f696",
  "ulsan-dong@v1": "33020a5bd75e",
  "ulsan-jung@v1": "b9048178a1f5",
  "ulsan-nam@v1": "cf5c70239b8e",
  "ulsan-ulju@v1": "a4d8a0db0146",
  "ulsan@v2": "0922f850a20e",
}
`;
