// Vitest Snapshot v1, https://vitest.dev/guide/snapshot.html

exports[`코스 판번호 > 내용이 바뀌면 판번호도 바뀌어야 한다 1`] = `
{
  "busan@v2": "c2d5a480c08b",
  "chungbuk@v2": "a7f72dcb8fda",
  "chungnam@v2": "c423bc41d431",
  "daegu@v2": "54a420759b43",
  "daejeon@v2": "7653e35d5744",
  "gangwon@v2": "2944aa23bc5f",
  "gwangju@v2": "206325963489",
  "gyeongbuk@v2": "23980a0473fd",
  "gyeonggi@v2": "9ddc3c7dc7a4",
  "gyeongnam@v2": "6662be77cb4e",
  "incheon@v2": "9a926f0543c0",
  "jeju@v2": "4705628de089",
  "jeonbuk@v2": "04c278445e94",
  "jeonnam@v2": "7794d716c802",
  "seoul@v2": "bcae8fa419ba",
  "sido@v1": "192d4733ebca",
  "ulsan@v2": "0922f850a20e",
}
`;
